  Model_4_ana.cpp
C:\Dwacodai\Model_4_ana\Model_4_ana\Model_4_ana.cpp(166,86): warning C4244: '引數': 將 'double' 轉換為 'const unsigned __int64'，由於類型不同，可能導致資料遺失
C:\Dwacodai\Model_4_ana\Model_4_ana\Model_4_ana.cpp(166,63): warning C4244: '引數': 將 'double' 轉換為 'const unsigned __int64'，由於類型不同，可能導致資料遺失
C:\Dwacodai\Model_4_ana\Model_4_ana\Model_4_ana.cpp(166,32): warning C4244: '引數': 將 'double' 轉換為 'const unsigned __int64'，由於類型不同，可能導致資料遺失
C:\Dwacodai\Model_4_ana\Model_4_ana\Model_4_ana.cpp(164,23): warning C4244: '引數': 將 'double' 轉換為 'const unsigned __int64'，由於類型不同，可能導致資料遺失
C:\Dwacodai\Model_4_ana\Model_4_ana\Model_4_ana.cpp(162,19): warning C4244: '引數': 將 'double' 轉換為 'const unsigned __int64'，由於類型不同，可能導致資料遺失
C:\Dwacodai\Model_4_ana\Model_4_ana\Model_4_ana.cpp(160,19): warning C4244: '引數': 將 'double' 轉換為 'const unsigned __int64'，由於類型不同，可能導致資料遺失
C:\Dwacodai\Model_4_ana\Model_4_ana\Model_4_ana.cpp(158,15): warning C4244: '引數': 將 'double' 轉換為 'const unsigned __int64'，由於類型不同，可能導致資料遺失
C:\Dwacodai\Model_4_ana\Model_4_ana\Model_4_ana.cpp(176,86): warning C4244: '引數': 將 'double' 轉換為 'const unsigned __int64'，由於類型不同，可能導致資料遺失
C:\Dwacodai\Model_4_ana\Model_4_ana\Model_4_ana.cpp(176,63): warning C4244: '引數': 將 'double' 轉換為 'const unsigned __int64'，由於類型不同，可能導致資料遺失
C:\Dwacodai\Model_4_ana\Model_4_ana\Model_4_ana.cpp(176,32): warning C4244: '引數': 將 'double' 轉換為 'const unsigned __int64'，由於類型不同，可能導致資料遺失
C:\Dwacodai\Model_4_ana\Model_4_ana\Model_4_ana.cpp(174,23): warning C4244: '引數': 將 'double' 轉換為 'const unsigned __int64'，由於類型不同，可能導致資料遺失
C:\Dwacodai\Model_4_ana\Model_4_ana\Model_4_ana.cpp(172,19): warning C4244: '引數': 將 'double' 轉換為 'const unsigned __int64'，由於類型不同，可能導致資料遺失
C:\Dwacodai\Model_4_ana\Model_4_ana\Model_4_ana.cpp(170,19): warning C4244: '引數': 將 'double' 轉換為 'const unsigned __int64'，由於類型不同，可能導致資料遺失
C:\Dwacodai\Model_4_ana\Model_4_ana\Model_4_ana.cpp(168,15): warning C4244: '引數': 將 'double' 轉換為 'const unsigned __int64'，由於類型不同，可能導致資料遺失
C:\Dwacodai\Model_4_ana\Model_4_ana\Model_4_ana.cpp(185,51): warning C4244: '=': 將 'double' 轉換為 'int'，由於類型不同，可能導致資料遺失
C:\Dwacodai\Model_4_ana\Model_4_ana\Model_4_ana.cpp(229,51): warning C4244: '=': 將 'double' 轉換為 'int'，由於類型不同，可能導致資料遺失
C:\Dwacodai\Model_4_ana\Model_4_ana\Model_4_ana.cpp(354,51): warning C4244: '=': 將 'double' 轉換為 'int'，由於類型不同，可能導致資料遺失
C:\Dwacodai\Model_4_ana\Model_4_ana\Model_4_ana.cpp(387,82): warning C4244: '引數': 將 'double' 轉換為 'const unsigned __int64'，由於類型不同，可能導致資料遺失
C:\Dwacodai\Model_4_ana\Model_4_ana\Model_4_ana.cpp(387,88): warning C4244: '引數': 將 'double' 轉換為 'const unsigned __int64'，由於類型不同，可能導致資料遺失
C:\Dwacodai\Model_4_ana\Model_4_ana\Model_4_ana.cpp(393,82): warning C4244: '引數': 將 'double' 轉換為 'const unsigned __int64'，由於類型不同，可能導致資料遺失
C:\Dwacodai\Model_4_ana\Model_4_ana\Model_4_ana.cpp(393,105): warning C4244: '引數': 將 'double' 轉換為 'const unsigned __int64'，由於類型不同，可能導致資料遺失
C:\Dwacodai\Model_4_ana\Model_4_ana\Model_4_ana.cpp(399,85): warning C4244: '引數': 將 'double' 轉換為 'const unsigned __int64'，由於類型不同，可能導致資料遺失
C:\Dwacodai\Model_4_ana\Model_4_ana\Model_4_ana.cpp(399,88): warning C4244: '引數': 將 'double' 轉換為 'const unsigned __int64'，由於類型不同，可能導致資料遺失
C:\Dwacodai\Model_4_ana\Model_4_ana\Model_4_ana.cpp(405,85): warning C4244: '引數': 將 'double' 轉換為 'const unsigned __int64'，由於類型不同，可能導致資料遺失
C:\Dwacodai\Model_4_ana\Model_4_ana\Model_4_ana.cpp(405,105): warning C4244: '引數': 將 'double' 轉換為 'const unsigned __int64'，由於類型不同，可能導致資料遺失
C:\Dwacodai\Model_4_ana\Model_4_ana\Model_4_ana.cpp(423,90): warning C4244: '引數': 將 'double' 轉換為 'const unsigned __int64'，由於類型不同，可能導致資料遺失
C:\Dwacodai\Model_4_ana\Model_4_ana\Model_4_ana.cpp(423,102): warning C4244: '引數': 將 'double' 轉換為 'const unsigned __int64'，由於類型不同，可能導致資料遺失
C:\Dwacodai\Model_4_ana\Model_4_ana\Model_4_ana.cpp(432,90): warning C4244: '引數': 將 'double' 轉換為 'const unsigned __int64'，由於類型不同，可能導致資料遺失
C:\Dwacodai\Model_4_ana\Model_4_ana\Model_4_ana.cpp(432,121): warning C4244: '引數': 將 'double' 轉換為 'const unsigned __int64'，由於類型不同，可能導致資料遺失
C:\Dwacodai\Model_4_ana\Model_4_ana\Model_4_ana.cpp(440,86): warning C4244: '引數': 將 'double' 轉換為 'const unsigned __int64'，由於類型不同，可能導致資料遺失
C:\Dwacodai\Model_4_ana\Model_4_ana\Model_4_ana.cpp(440,94): warning C4244: '引數': 將 'double' 轉換為 'const unsigned __int64'，由於類型不同，可能導致資料遺失
C:\Dwacodai\Model_4_ana\Model_4_ana\Model_4_ana.cpp(440,97): warning C4244: '引數': 將 'double' 轉換為 'const unsigned __int64'，由於類型不同，可能導致資料遺失
C:\Dwacodai\Model_4_ana\Model_4_ana\Model_4_ana.cpp(446,86): warning C4244: '引數': 將 'double' 轉換為 'const unsigned __int64'，由於類型不同，可能導致資料遺失
C:\Dwacodai\Model_4_ana\Model_4_ana\Model_4_ana.cpp(446,94): warning C4244: '引數': 將 'double' 轉換為 'const unsigned __int64'，由於類型不同，可能導致資料遺失
C:\Dwacodai\Model_4_ana\Model_4_ana\Model_4_ana.cpp(446,116): warning C4244: '引數': 將 'double' 轉換為 'const unsigned __int64'，由於類型不同，可能導致資料遺失
C:\Dwacodai\Model_4_ana\Model_4_ana\Model_4_ana.cpp(453,102): warning C4244: '引數': 將 'double' 轉換為 'const unsigned __int64'，由於類型不同，可能導致資料遺失
C:\Dwacodai\Model_4_ana\Model_4_ana\Model_4_ana.cpp(453,120): warning C4244: '引數': 將 'double' 轉換為 'const unsigned __int64'，由於類型不同，可能導致資料遺失
C:\Dwacodai\Model_4_ana\Model_4_ana\Model_4_ana.cpp(576,82): warning C4244: '引數': 將 'double' 轉換為 'const unsigned __int64'，由於類型不同，可能導致資料遺失
C:\Dwacodai\Model_4_ana\Model_4_ana\Model_4_ana.cpp(576,91): warning C4244: '引數': 將 'double' 轉換為 'const unsigned __int64'，由於類型不同，可能導致資料遺失
C:\Dwacodai\Model_4_ana\Model_4_ana\Model_4_ana.cpp(576,97): warning C4244: '引數': 將 'double' 轉換為 'const unsigned __int64'，由於類型不同，可能導致資料遺失
C:\Dwacodai\Model_4_ana\Model_4_ana\Model_4_ana.cpp(582,82): warning C4244: '引數': 將 'double' 轉換為 'const unsigned __int64'，由於類型不同，可能導致資料遺失
C:\Dwacodai\Model_4_ana\Model_4_ana\Model_4_ana.cpp(582,91): warning C4244: '引數': 將 'double' 轉換為 'const unsigned __int64'，由於類型不同，可能導致資料遺失
C:\Dwacodai\Model_4_ana\Model_4_ana\Model_4_ana.cpp(582,116): warning C4244: '引數': 將 'double' 轉換為 'const unsigned __int64'，由於類型不同，可能導致資料遺失
C:\Dwacodai\Model_4_ana\Model_4_ana\Model_4_ana.cpp(588,82): warning C4244: '引數': 將 'double' 轉換為 'const unsigned __int64'，由於類型不同，可能導致資料遺失
C:\Dwacodai\Model_4_ana\Model_4_ana\Model_4_ana.cpp(588,94): warning C4244: '引數': 將 'double' 轉換為 'const unsigned __int64'，由於類型不同，可能導致資料遺失
C:\Dwacodai\Model_4_ana\Model_4_ana\Model_4_ana.cpp(588,97): warning C4244: '引數': 將 'double' 轉換為 'const unsigned __int64'，由於類型不同，可能導致資料遺失
C:\Dwacodai\Model_4_ana\Model_4_ana\Model_4_ana.cpp(594,82): warning C4244: '引數': 將 'double' 轉換為 'const unsigned __int64'，由於類型不同，可能導致資料遺失
C:\Dwacodai\Model_4_ana\Model_4_ana\Model_4_ana.cpp(594,94): warning C4244: '引數': 將 'double' 轉換為 'const unsigned __int64'，由於類型不同，可能導致資料遺失
C:\Dwacodai\Model_4_ana\Model_4_ana\Model_4_ana.cpp(594,116): warning C4244: '引數': 將 'double' 轉換為 'const unsigned __int64'，由於類型不同，可能導致資料遺失
C:\Dwacodai\Model_4_ana\Model_4_ana\Model_4_ana.cpp(601,98): warning C4244: '引數': 將 'double' 轉換為 'const unsigned __int64'，由於類型不同，可能導致資料遺失
C:\Dwacodai\Model_4_ana\Model_4_ana\Model_4_ana.cpp(601,116): warning C4244: '引數': 將 'double' 轉換為 'const unsigned __int64'，由於類型不同，可能導致資料遺失
C:\Dwacodai\Model_4_ana\Model_4_ana\Model_4_ana.cpp(724,82): warning C4244: '引數': 將 'double' 轉換為 'const unsigned __int64'，由於類型不同，可能導致資料遺失
C:\Dwacodai\Model_4_ana\Model_4_ana\Model_4_ana.cpp(724,88): warning C4244: '引數': 將 'double' 轉換為 'const unsigned __int64'，由於類型不同，可能導致資料遺失
C:\Dwacodai\Model_4_ana\Model_4_ana\Model_4_ana.cpp(730,82): warning C4244: '引數': 將 'double' 轉換為 'const unsigned __int64'，由於類型不同，可能導致資料遺失
C:\Dwacodai\Model_4_ana\Model_4_ana\Model_4_ana.cpp(730,105): warning C4244: '引數': 將 'double' 轉換為 'const unsigned __int64'，由於類型不同，可能導致資料遺失
C:\Dwacodai\Model_4_ana\Model_4_ana\Model_4_ana.cpp(736,85): warning C4244: '引數': 將 'double' 轉換為 'const unsigned __int64'，由於類型不同，可能導致資料遺失
C:\Dwacodai\Model_4_ana\Model_4_ana\Model_4_ana.cpp(736,88): warning C4244: '引數': 將 'double' 轉換為 'const unsigned __int64'，由於類型不同，可能導致資料遺失
C:\Dwacodai\Model_4_ana\Model_4_ana\Model_4_ana.cpp(742,85): warning C4244: '引數': 將 'double' 轉換為 'const unsigned __int64'，由於類型不同，可能導致資料遺失
C:\Dwacodai\Model_4_ana\Model_4_ana\Model_4_ana.cpp(742,105): warning C4244: '引數': 將 'double' 轉換為 'const unsigned __int64'，由於類型不同，可能導致資料遺失
C:\Dwacodai\Model_4_ana\Model_4_ana\Model_4_ana.cpp(761,90): warning C4244: '引數': 將 'double' 轉換為 'const unsigned __int64'，由於類型不同，可能導致資料遺失
C:\Dwacodai\Model_4_ana\Model_4_ana\Model_4_ana.cpp(761,102): warning C4244: '引數': 將 'double' 轉換為 'const unsigned __int64'，由於類型不同，可能導致資料遺失
C:\Dwacodai\Model_4_ana\Model_4_ana\Model_4_ana.cpp(770,90): warning C4244: '引數': 將 'double' 轉換為 'const unsigned __int64'，由於類型不同，可能導致資料遺失
C:\Dwacodai\Model_4_ana\Model_4_ana\Model_4_ana.cpp(770,121): warning C4244: '引數': 將 'double' 轉換為 'const unsigned __int64'，由於類型不同，可能導致資料遺失
C:\Dwacodai\Model_4_ana\Model_4_ana\Model_4_ana.cpp(778,86): warning C4244: '引數': 將 'double' 轉換為 'const unsigned __int64'，由於類型不同，可能導致資料遺失
C:\Dwacodai\Model_4_ana\Model_4_ana\Model_4_ana.cpp(778,94): warning C4244: '引數': 將 'double' 轉換為 'const unsigned __int64'，由於類型不同，可能導致資料遺失
C:\Dwacodai\Model_4_ana\Model_4_ana\Model_4_ana.cpp(778,97): warning C4244: '引數': 將 'double' 轉換為 'const unsigned __int64'，由於類型不同，可能導致資料遺失
C:\Dwacodai\Model_4_ana\Model_4_ana\Model_4_ana.cpp(784,86): warning C4244: '引數': 將 'double' 轉換為 'const unsigned __int64'，由於類型不同，可能導致資料遺失
C:\Dwacodai\Model_4_ana\Model_4_ana\Model_4_ana.cpp(784,94): warning C4244: '引數': 將 'double' 轉換為 'const unsigned __int64'，由於類型不同，可能導致資料遺失
C:\Dwacodai\Model_4_ana\Model_4_ana\Model_4_ana.cpp(784,116): warning C4244: '引數': 將 'double' 轉換為 'const unsigned __int64'，由於類型不同，可能導致資料遺失
C:\Dwacodai\Model_4_ana\Model_4_ana\Model_4_ana.cpp(934,82): warning C4244: '引數': 將 'double' 轉換為 'const unsigned __int64'，由於類型不同，可能導致資料遺失
C:\Dwacodai\Model_4_ana\Model_4_ana\Model_4_ana.cpp(934,91): warning C4244: '引數': 將 'double' 轉換為 'const unsigned __int64'，由於類型不同，可能導致資料遺失
C:\Dwacodai\Model_4_ana\Model_4_ana\Model_4_ana.cpp(934,97): warning C4244: '引數': 將 'double' 轉換為 'const unsigned __int64'，由於類型不同，可能導致資料遺失
C:\Dwacodai\Model_4_ana\Model_4_ana\Model_4_ana.cpp(940,82): warning C4244: '引數': 將 'double' 轉換為 'const unsigned __int64'，由於類型不同，可能導致資料遺失
C:\Dwacodai\Model_4_ana\Model_4_ana\Model_4_ana.cpp(940,91): warning C4244: '引數': 將 'double' 轉換為 'const unsigned __int64'，由於類型不同，可能導致資料遺失
C:\Dwacodai\Model_4_ana\Model_4_ana\Model_4_ana.cpp(940,116): warning C4244: '引數': 將 'double' 轉換為 'const unsigned __int64'，由於類型不同，可能導致資料遺失
C:\Dwacodai\Model_4_ana\Model_4_ana\Model_4_ana.cpp(946,82): warning C4244: '引數': 將 'double' 轉換為 'const unsigned __int64'，由於類型不同，可能導致資料遺失
C:\Dwacodai\Model_4_ana\Model_4_ana\Model_4_ana.cpp(946,94): warning C4244: '引數': 將 'double' 轉換為 'const unsigned __int64'，由於類型不同，可能導致資料遺失
C:\Dwacodai\Model_4_ana\Model_4_ana\Model_4_ana.cpp(946,97): warning C4244: '引數': 將 'double' 轉換為 'const unsigned __int64'，由於類型不同，可能導致資料遺失
C:\Dwacodai\Model_4_ana\Model_4_ana\Model_4_ana.cpp(952,82): warning C4244: '引數': 將 'double' 轉換為 'const unsigned __int64'，由於類型不同，可能導致資料遺失
C:\Dwacodai\Model_4_ana\Model_4_ana\Model_4_ana.cpp(952,94): warning C4244: '引數': 將 'double' 轉換為 'const unsigned __int64'，由於類型不同，可能導致資料遺失
C:\Dwacodai\Model_4_ana\Model_4_ana\Model_4_ana.cpp(952,116): warning C4244: '引數': 將 'double' 轉換為 'const unsigned __int64'，由於類型不同，可能導致資料遺失
C:\Dwacodai\Model_4_ana\Model_4_ana\Model_4_ana.cpp(959,98): warning C4244: '引數': 將 'double' 轉換為 'const unsigned __int64'，由於類型不同，可能導致資料遺失
C:\Dwacodai\Model_4_ana\Model_4_ana\Model_4_ana.cpp(959,116): warning C4244: '引數': 將 'double' 轉換為 'const unsigned __int64'，由於類型不同，可能導致資料遺失
C:\Dwacodai\Model_4_ana\Model_4_ana\Model_4_ana.cpp(1107,94): warning C4244: '引數': 將 'double' 轉換為 'const unsigned __int64'，由於類型不同，可能導致資料遺失
C:\Dwacodai\Model_4_ana\Model_4_ana\Model_4_ana.cpp(1107,106): warning C4244: '引數': 將 'double' 轉換為 'const unsigned __int64'，由於類型不同，可能導致資料遺失
C:\Dwacodai\Model_4_ana\Model_4_ana\Model_4_ana.cpp(1116,94): warning C4244: '引數': 將 'double' 轉換為 'const unsigned __int64'，由於類型不同，可能導致資料遺失
C:\Dwacodai\Model_4_ana\Model_4_ana\Model_4_ana.cpp(1116,125): warning C4244: '引數': 將 'double' 轉換為 'const unsigned __int64'，由於類型不同，可能導致資料遺失
C:\Dwacodai\Model_4_ana\Model_4_ana\Model_4_ana.cpp(1124,90): warning C4244: '引數': 將 'double' 轉換為 'const unsigned __int64'，由於類型不同，可能導致資料遺失
C:\Dwacodai\Model_4_ana\Model_4_ana\Model_4_ana.cpp(1124,98): warning C4244: '引數': 將 'double' 轉換為 'const unsigned __int64'，由於類型不同，可能導致資料遺失
C:\Dwacodai\Model_4_ana\Model_4_ana\Model_4_ana.cpp(1124,101): warning C4244: '引數': 將 'double' 轉換為 'const unsigned __int64'，由於類型不同，可能導致資料遺失
C:\Dwacodai\Model_4_ana\Model_4_ana\Model_4_ana.cpp(1130,90): warning C4244: '引數': 將 'double' 轉換為 'const unsigned __int64'，由於類型不同，可能導致資料遺失
C:\Dwacodai\Model_4_ana\Model_4_ana\Model_4_ana.cpp(1130,98): warning C4244: '引數': 將 'double' 轉換為 'const unsigned __int64'，由於類型不同，可能導致資料遺失
C:\Dwacodai\Model_4_ana\Model_4_ana\Model_4_ana.cpp(1130,120): warning C4244: '引數': 將 'double' 轉換為 'const unsigned __int64'，由於類型不同，可能導致資料遺失
C:\Dwacodai\Model_4_ana\Model_4_ana\Model_4_ana.cpp(1419,86): warning C4244: '引數': 將 'double' 轉換為 'const unsigned __int64'，由於類型不同，可能導致資料遺失
C:\Dwacodai\Model_4_ana\Model_4_ana\Model_4_ana.cpp(1419,95): warning C4244: '引數': 將 'double' 轉換為 'const unsigned __int64'，由於類型不同，可能導致資料遺失
C:\Dwacodai\Model_4_ana\Model_4_ana\Model_4_ana.cpp(1419,101): warning C4244: '引數': 將 'double' 轉換為 'const unsigned __int64'，由於類型不同，可能導致資料遺失
C:\Dwacodai\Model_4_ana\Model_4_ana\Model_4_ana.cpp(1425,86): warning C4244: '引數': 將 'double' 轉換為 'const unsigned __int64'，由於類型不同，可能導致資料遺失
C:\Dwacodai\Model_4_ana\Model_4_ana\Model_4_ana.cpp(1425,95): warning C4244: '引數': 將 'double' 轉換為 'const unsigned __int64'，由於類型不同，可能導致資料遺失
C:\Dwacodai\Model_4_ana\Model_4_ana\Model_4_ana.cpp(1425,120): warning C4244: '引數': 將 'double' 轉換為 'const unsigned __int64'，由於類型不同，可能導致資料遺失
C:\Dwacodai\Model_4_ana\Model_4_ana\Model_4_ana.cpp(1431,86): warning C4244: '引數': 將 'double' 轉換為 'const unsigned __int64'，由於類型不同，可能導致資料遺失
C:\Dwacodai\Model_4_ana\Model_4_ana\Model_4_ana.cpp(1431,98): warning C4244: '引數': 將 'double' 轉換為 'const unsigned __int64'，由於類型不同，可能導致資料遺失
C:\Dwacodai\Model_4_ana\Model_4_ana\Model_4_ana.cpp(1431,101): warning C4244: '引數': 將 'double' 轉換為 'const unsigned __int64'，由於類型不同，可能導致資料遺失
C:\Dwacodai\Model_4_ana\Model_4_ana\Model_4_ana.cpp(1437,86): warning C4244: '引數': 將 'double' 轉換為 'const unsigned __int64'，由於類型不同，可能導致資料遺失
C:\Dwacodai\Model_4_ana\Model_4_ana\Model_4_ana.cpp(1437,98): warning C4244: '引數': 將 'double' 轉換為 'const unsigned __int64'，由於類型不同，可能導致資料遺失
C:\Dwacodai\Model_4_ana\Model_4_ana\Model_4_ana.cpp(1437,120): warning C4244: '引數': 將 'double' 轉換為 'const unsigned __int64'，由於類型不同，可能導致資料遺失
C:\Dwacodai\Model_4_ana\Model_4_ana\Model_4_ana.cpp(1444,74): warning C4244: '引數': 將 'double' 轉換為 'const unsigned __int64'，由於類型不同，可能導致資料遺失
C:\Dwacodai\Model_4_ana\Model_4_ana\Model_4_ana.cpp(1444,92): warning C4244: '引數': 將 'double' 轉換為 'const unsigned __int64'，由於類型不同，可能導致資料遺失
C:\Dwacodai\Model_4_ana\Model_4_ana\Model_4_ana.cpp(1731,111): warning C4244: '引數': 將 'double' 轉換為 'const unsigned __int64'，由於類型不同，可能導致資料遺失
C:\Dwacodai\Model_4_ana\Model_4_ana\Model_4_ana.cpp(1740,130): warning C4244: '引數': 將 'double' 轉換為 'const unsigned __int64'，由於類型不同，可能導致資料遺失
C:\Dwacodai\Model_4_ana\Model_4_ana\Model_4_ana.cpp(1748,103): warning C4244: '引數': 將 'double' 轉換為 'const unsigned __int64'，由於類型不同，可能導致資料遺失
C:\Dwacodai\Model_4_ana\Model_4_ana\Model_4_ana.cpp(1748,106): warning C4244: '引數': 將 'double' 轉換為 'const unsigned __int64'，由於類型不同，可能導致資料遺失
C:\Dwacodai\Model_4_ana\Model_4_ana\Model_4_ana.cpp(1754,103): warning C4244: '引數': 將 'double' 轉換為 'const unsigned __int64'，由於類型不同，可能導致資料遺失
C:\Dwacodai\Model_4_ana\Model_4_ana\Model_4_ana.cpp(1754,125): warning C4244: '引數': 將 'double' 轉換為 'const unsigned __int64'，由於類型不同，可能導致資料遺失
C:\Dwacodai\Model_4_ana\Model_4_ana\Model_4_ana.cpp(1883,111): warning C4244: '引數': 將 'double' 轉換為 'const unsigned __int64'，由於類型不同，可能導致資料遺失
C:\Dwacodai\Model_4_ana\Model_4_ana\Model_4_ana.cpp(1892,130): warning C4244: '引數': 將 'double' 轉換為 'const unsigned __int64'，由於類型不同，可能導致資料遺失
C:\Dwacodai\Model_4_ana\Model_4_ana\Model_4_ana.cpp(1900,103): warning C4244: '引數': 將 'double' 轉換為 'const unsigned __int64'，由於類型不同，可能導致資料遺失
C:\Dwacodai\Model_4_ana\Model_4_ana\Model_4_ana.cpp(1900,106): warning C4244: '引數': 將 'double' 轉換為 'const unsigned __int64'，由於類型不同，可能導致資料遺失
C:\Dwacodai\Model_4_ana\Model_4_ana\Model_4_ana.cpp(1906,103): warning C4244: '引數': 將 'double' 轉換為 'const unsigned __int64'，由於類型不同，可能導致資料遺失
C:\Dwacodai\Model_4_ana\Model_4_ana\Model_4_ana.cpp(1906,125): warning C4244: '引數': 將 'double' 轉換為 'const unsigned __int64'，由於類型不同，可能導致資料遺失
C:\Dwacodai\Model_4_ana\Model_4_ana\Model_4_ana.cpp(2601,82): warning C4244: '引數': 將 'double' 轉換為 'const unsigned __int64'，由於類型不同，可能導致資料遺失
C:\Dwacodai\Model_4_ana\Model_4_ana\Model_4_ana.cpp(2601,88): warning C4244: '引數': 將 'double' 轉換為 'const unsigned __int64'，由於類型不同，可能導致資料遺失
C:\Dwacodai\Model_4_ana\Model_4_ana\Model_4_ana.cpp(2607,82): warning C4244: '引數': 將 'double' 轉換為 'const unsigned __int64'，由於類型不同，可能導致資料遺失
C:\Dwacodai\Model_4_ana\Model_4_ana\Model_4_ana.cpp(2607,105): warning C4244: '引數': 將 'double' 轉換為 'const unsigned __int64'，由於類型不同，可能導致資料遺失
C:\Dwacodai\Model_4_ana\Model_4_ana\Model_4_ana.cpp(2613,85): warning C4244: '引數': 將 'double' 轉換為 'const unsigned __int64'，由於類型不同，可能導致資料遺失
C:\Dwacodai\Model_4_ana\Model_4_ana\Model_4_ana.cpp(2613,88): warning C4244: '引數': 將 'double' 轉換為 'const unsigned __int64'，由於類型不同，可能導致資料遺失
C:\Dwacodai\Model_4_ana\Model_4_ana\Model_4_ana.cpp(2619,85): warning C4244: '引數': 將 'double' 轉換為 'const unsigned __int64'，由於類型不同，可能導致資料遺失
C:\Dwacodai\Model_4_ana\Model_4_ana\Model_4_ana.cpp(2619,105): warning C4244: '引數': 將 'double' 轉換為 'const unsigned __int64'，由於類型不同，可能導致資料遺失
C:\Dwacodai\Model_4_ana\Model_4_ana\Model_4_ana.cpp(2777,82): warning C4244: '引數': 將 'double' 轉換為 'const unsigned __int64'，由於類型不同，可能導致資料遺失
C:\Dwacodai\Model_4_ana\Model_4_ana\Model_4_ana.cpp(2777,91): warning C4244: '引數': 將 'double' 轉換為 'const unsigned __int64'，由於類型不同，可能導致資料遺失
C:\Dwacodai\Model_4_ana\Model_4_ana\Model_4_ana.cpp(2777,97): warning C4244: '引數': 將 'double' 轉換為 'const unsigned __int64'，由於類型不同，可能導致資料遺失
C:\Dwacodai\Model_4_ana\Model_4_ana\Model_4_ana.cpp(2783,82): warning C4244: '引數': 將 'double' 轉換為 'const unsigned __int64'，由於類型不同，可能導致資料遺失
C:\Dwacodai\Model_4_ana\Model_4_ana\Model_4_ana.cpp(2783,91): warning C4244: '引數': 將 'double' 轉換為 'const unsigned __int64'，由於類型不同，可能導致資料遺失
C:\Dwacodai\Model_4_ana\Model_4_ana\Model_4_ana.cpp(2783,116): warning C4244: '引數': 將 'double' 轉換為 'const unsigned __int64'，由於類型不同，可能導致資料遺失
C:\Dwacodai\Model_4_ana\Model_4_ana\Model_4_ana.cpp(2789,82): warning C4244: '引數': 將 'double' 轉換為 'const unsigned __int64'，由於類型不同，可能導致資料遺失
C:\Dwacodai\Model_4_ana\Model_4_ana\Model_4_ana.cpp(2789,94): warning C4244: '引數': 將 'double' 轉換為 'const unsigned __int64'，由於類型不同，可能導致資料遺失
C:\Dwacodai\Model_4_ana\Model_4_ana\Model_4_ana.cpp(2789,97): warning C4244: '引數': 將 'double' 轉換為 'const unsigned __int64'，由於類型不同，可能導致資料遺失
C:\Dwacodai\Model_4_ana\Model_4_ana\Model_4_ana.cpp(2795,82): warning C4244: '引數': 將 'double' 轉換為 'const unsigned __int64'，由於類型不同，可能導致資料遺失
C:\Dwacodai\Model_4_ana\Model_4_ana\Model_4_ana.cpp(2795,94): warning C4244: '引數': 將 'double' 轉換為 'const unsigned __int64'，由於類型不同，可能導致資料遺失
C:\Dwacodai\Model_4_ana\Model_4_ana\Model_4_ana.cpp(2795,116): warning C4244: '引數': 將 'double' 轉換為 'const unsigned __int64'，由於類型不同，可能導致資料遺失
C:\Dwacodai\Model_4_ana\Model_4_ana\Model_4_ana.cpp(2945,82): warning C4244: '引數': 將 'double' 轉換為 'const unsigned __int64'，由於類型不同，可能導致資料遺失
C:\Dwacodai\Model_4_ana\Model_4_ana\Model_4_ana.cpp(2945,88): warning C4244: '引數': 將 'double' 轉換為 'const unsigned __int64'，由於類型不同，可能導致資料遺失
C:\Dwacodai\Model_4_ana\Model_4_ana\Model_4_ana.cpp(2951,82): warning C4244: '引數': 將 'double' 轉換為 'const unsigned __int64'，由於類型不同，可能導致資料遺失
C:\Dwacodai\Model_4_ana\Model_4_ana\Model_4_ana.cpp(2951,105): warning C4244: '引數': 將 'double' 轉換為 'const unsigned __int64'，由於類型不同，可能導致資料遺失
C:\Dwacodai\Model_4_ana\Model_4_ana\Model_4_ana.cpp(2957,85): warning C4244: '引數': 將 'double' 轉換為 'const unsigned __int64'，由於類型不同，可能導致資料遺失
C:\Dwacodai\Model_4_ana\Model_4_ana\Model_4_ana.cpp(2957,88): warning C4244: '引數': 將 'double' 轉換為 'const unsigned __int64'，由於類型不同，可能導致資料遺失
C:\Dwacodai\Model_4_ana\Model_4_ana\Model_4_ana.cpp(2963,85): warning C4244: '引數': 將 'double' 轉換為 'const unsigned __int64'，由於類型不同，可能導致資料遺失
C:\Dwacodai\Model_4_ana\Model_4_ana\Model_4_ana.cpp(2963,105): warning C4244: '引數': 將 'double' 轉換為 'const unsigned __int64'，由於類型不同，可能導致資料遺失
C:\Dwacodai\Model_4_ana\Model_4_ana\Model_4_ana.cpp(3144,86): warning C4244: '引數': 將 'double' 轉換為 'const unsigned __int64'，由於類型不同，可能導致資料遺失
C:\Dwacodai\Model_4_ana\Model_4_ana\Model_4_ana.cpp(3144,95): warning C4244: '引數': 將 'double' 轉換為 'const unsigned __int64'，由於類型不同，可能導致資料遺失
C:\Dwacodai\Model_4_ana\Model_4_ana\Model_4_ana.cpp(3144,101): warning C4244: '引數': 將 'double' 轉換為 'const unsigned __int64'，由於類型不同，可能導致資料遺失
C:\Dwacodai\Model_4_ana\Model_4_ana\Model_4_ana.cpp(3150,86): warning C4244: '引數': 將 'double' 轉換為 'const unsigned __int64'，由於類型不同，可能導致資料遺失
C:\Dwacodai\Model_4_ana\Model_4_ana\Model_4_ana.cpp(3150,95): warning C4244: '引數': 將 'double' 轉換為 'const unsigned __int64'，由於類型不同，可能導致資料遺失
C:\Dwacodai\Model_4_ana\Model_4_ana\Model_4_ana.cpp(3150,120): warning C4244: '引數': 將 'double' 轉換為 'const unsigned __int64'，由於類型不同，可能導致資料遺失
C:\Dwacodai\Model_4_ana\Model_4_ana\Model_4_ana.cpp(3156,86): warning C4244: '引數': 將 'double' 轉換為 'const unsigned __int64'，由於類型不同，可能導致資料遺失
C:\Dwacodai\Model_4_ana\Model_4_ana\Model_4_ana.cpp(3156,98): warning C4244: '引數': 將 'double' 轉換為 'const unsigned __int64'，由於類型不同，可能導致資料遺失
C:\Dwacodai\Model_4_ana\Model_4_ana\Model_4_ana.cpp(3156,101): warning C4244: '引數': 將 'double' 轉換為 'const unsigned __int64'，由於類型不同，可能導致資料遺失
C:\Dwacodai\Model_4_ana\Model_4_ana\Model_4_ana.cpp(3162,86): warning C4244: '引數': 將 'double' 轉換為 'const unsigned __int64'，由於類型不同，可能導致資料遺失
C:\Dwacodai\Model_4_ana\Model_4_ana\Model_4_ana.cpp(3162,98): warning C4244: '引數': 將 'double' 轉換為 'const unsigned __int64'，由於類型不同，可能導致資料遺失
C:\Dwacodai\Model_4_ana\Model_4_ana\Model_4_ana.cpp(3162,120): warning C4244: '引數': 將 'double' 轉換為 'const unsigned __int64'，由於類型不同，可能導致資料遺失
C:\Dwacodai\Model_4_ana\Model_4_ana\Model_4_ana.cpp(3496,101): warning C4244: '引數': 將 'double' 轉換為 'const unsigned __int64'，由於類型不同，可能導致資料遺失
C:\Dwacodai\Model_4_ana\Model_4_ana\Model_4_ana.cpp(3505,118): warning C4244: '引數': 將 'double' 轉換為 'const unsigned __int64'，由於類型不同，可能導致資料遺失
C:\Dwacodai\Model_4_ana\Model_4_ana\Model_4_ana.cpp(3513,93): warning C4244: '引數': 將 'double' 轉換為 'const unsigned __int64'，由於類型不同，可能導致資料遺失
C:\Dwacodai\Model_4_ana\Model_4_ana\Model_4_ana.cpp(3513,96): warning C4244: '引數': 將 'double' 轉換為 'const unsigned __int64'，由於類型不同，可能導致資料遺失
C:\Dwacodai\Model_4_ana\Model_4_ana\Model_4_ana.cpp(3519,93): warning C4244: '引數': 將 'double' 轉換為 'const unsigned __int64'，由於類型不同，可能導致資料遺失
C:\Dwacodai\Model_4_ana\Model_4_ana\Model_4_ana.cpp(3519,113): warning C4244: '引數': 將 'double' 轉換為 'const unsigned __int64'，由於類型不同，可能導致資料遺失
C:\Dwacodai\Model_4_ana\Model_4_ana\Model_4_ana.cpp(3536,101): warning C4244: '引數': 將 'double' 轉換為 'const unsigned __int64'，由於類型不同，可能導致資料遺失
C:\Dwacodai\Model_4_ana\Model_4_ana\Model_4_ana.cpp(3545,118): warning C4244: '引數': 將 'double' 轉換為 'const unsigned __int64'，由於類型不同，可能導致資料遺失
C:\Dwacodai\Model_4_ana\Model_4_ana\Model_4_ana.cpp(3553,93): warning C4244: '引數': 將 'double' 轉換為 'const unsigned __int64'，由於類型不同，可能導致資料遺失
C:\Dwacodai\Model_4_ana\Model_4_ana\Model_4_ana.cpp(3553,96): warning C4244: '引數': 將 'double' 轉換為 'const unsigned __int64'，由於類型不同，可能導致資料遺失
C:\Dwacodai\Model_4_ana\Model_4_ana\Model_4_ana.cpp(3559,93): warning C4244: '引數': 將 'double' 轉換為 'const unsigned __int64'，由於類型不同，可能導致資料遺失
C:\Dwacodai\Model_4_ana\Model_4_ana\Model_4_ana.cpp(3559,113): warning C4244: '引數': 將 'double' 轉換為 'const unsigned __int64'，由於類型不同，可能導致資料遺失
C:\Dwacodai\Model_4_ana\Model_4_ana\Model_4_ana.cpp(4970,86): warning C4244: '引數': 將 'double' 轉換為 'const unsigned __int64'，由於類型不同，可能導致資料遺失
C:\Dwacodai\Model_4_ana\Model_4_ana\Model_4_ana.cpp(4970,95): warning C4244: '引數': 將 'double' 轉換為 'const unsigned __int64'，由於類型不同，可能導致資料遺失
C:\Dwacodai\Model_4_ana\Model_4_ana\Model_4_ana.cpp(4970,101): warning C4244: '引數': 將 'double' 轉換為 'const unsigned __int64'，由於類型不同，可能導致資料遺失
C:\Dwacodai\Model_4_ana\Model_4_ana\Model_4_ana.cpp(4976,86): warning C4244: '引數': 將 'double' 轉換為 'const unsigned __int64'，由於類型不同，可能導致資料遺失
C:\Dwacodai\Model_4_ana\Model_4_ana\Model_4_ana.cpp(4976,95): warning C4244: '引數': 將 'double' 轉換為 'const unsigned __int64'，由於類型不同，可能導致資料遺失
C:\Dwacodai\Model_4_ana\Model_4_ana\Model_4_ana.cpp(4976,120): warning C4244: '引數': 將 'double' 轉換為 'const unsigned __int64'，由於類型不同，可能導致資料遺失
C:\Dwacodai\Model_4_ana\Model_4_ana\Model_4_ana.cpp(4982,86): warning C4244: '引數': 將 'double' 轉換為 'const unsigned __int64'，由於類型不同，可能導致資料遺失
C:\Dwacodai\Model_4_ana\Model_4_ana\Model_4_ana.cpp(4982,98): warning C4244: '引數': 將 'double' 轉換為 'const unsigned __int64'，由於類型不同，可能導致資料遺失
C:\Dwacodai\Model_4_ana\Model_4_ana\Model_4_ana.cpp(4982,101): warning C4244: '引數': 將 'double' 轉換為 'const unsigned __int64'，由於類型不同，可能導致資料遺失
C:\Dwacodai\Model_4_ana\Model_4_ana\Model_4_ana.cpp(4988,86): warning C4244: '引數': 將 'double' 轉換為 'const unsigned __int64'，由於類型不同，可能導致資料遺失
C:\Dwacodai\Model_4_ana\Model_4_ana\Model_4_ana.cpp(4988,98): warning C4244: '引數': 將 'double' 轉換為 'const unsigned __int64'，由於類型不同，可能導致資料遺失
C:\Dwacodai\Model_4_ana\Model_4_ana\Model_4_ana.cpp(4988,120): warning C4244: '引數': 將 'double' 轉換為 'const unsigned __int64'，由於類型不同，可能導致資料遺失
C:\Dwacodai\Model_4_ana\Model_4_ana\Model_4_ana.cpp(6547,51): warning C4244: '=': 將 'double' 轉換為 'int'，由於類型不同，可能導致資料遺失
C:\Dwacodai\Model_4_ana\Model_4_ana\Model_4_ana.cpp(6566,51): warning C4244: '=': 將 'double' 轉換為 'int'，由於類型不同，可能導致資料遺失
C:\Dwacodai\Model_4_ana\Model_4_ana\Model_4_ana.cpp(6583,51): warning C4244: '=': 將 'double' 轉換為 'int'，由於類型不同，可能導致資料遺失
C:\Dwacodai\Model_4_ana\Model_4_ana\Model_4_ana.cpp(6602,51): warning C4244: '=': 將 'double' 轉換為 'int'，由於類型不同，可能導致資料遺失
C:\Dwacodai\Model_4_ana\Model_4_ana\Model_4_ana.cpp(6629,51): warning C4244: '=': 將 'double' 轉換為 'int'，由於類型不同，可能導致資料遺失
C:\Dwacodai\Model_4_ana\Model_4_ana\Model_4_ana.cpp(6647,51): warning C4244: '=': 將 'double' 轉換為 'int'，由於類型不同，可能導致資料遺失
C:\Dwacodai\Model_4_ana\Model_4_ana\Model_4_ana.cpp(6665,51): warning C4244: '=': 將 'double' 轉換為 'int'，由於類型不同，可能導致資料遺失
C:\Dwacodai\Model_4_ana\Model_4_ana\Model_4_ana.cpp(6702,51): warning C4244: '引數': 將 'double' 轉換為 'const unsigned __int64'，由於類型不同，可能導致資料遺失
C:\Dwacodai\Model_4_ana\Model_4_ana\Model_4_ana.cpp(6732,51): warning C4244: '引數': 將 'double' 轉換為 'const unsigned __int64'，由於類型不同，可能導致資料遺失
C:\Dwacodai\Model_4_ana\Model_4_ana\Model_4_ana.cpp(6771,47): warning C4244: '引數': 將 'double' 轉換為 'const unsigned __int64'，由於類型不同，可能導致資料遺失
C:\Dwacodai\Model_4_ana\Model_4_ana\Model_4_ana.cpp(6801,47): warning C4244: '引數': 將 'double' 轉換為 'const unsigned __int64'，由於類型不同，可能導致資料遺失
C:\Dwacodai\Model_4_ana\Model_4_ana\Model_4_ana.cpp(6812,21): warning C4244: '正在初始化': 將 'double' 轉換為 'int'，由於類型不同，可能導致資料遺失
C:\Dwacodai\Model_4_ana\Model_4_ana\Model_4_ana.cpp(6829,21): warning C4244: '正在初始化': 將 'double' 轉換為 'int'，由於類型不同，可能導致資料遺失
C:\Dwacodai\Model_4_ana\Model_4_ana\Model_4_ana.cpp(6833,48): warning C4244: '引數': 將 'double' 轉換為 'const unsigned __int64'，由於類型不同，可能導致資料遺失
C:\Dwacodai\Model_4_ana\Model_4_ana\Model_4_ana.cpp(6850,57): warning C4244: '引數': 將 'double' 轉換為 'const unsigned __int64'，由於類型不同，可能導致資料遺失
C:\Dwacodai\Model_4_ana\Model_4_ana\Model_4_ana.cpp(6861,48): warning C4244: '引數': 將 'double' 轉換為 'const unsigned __int64'，由於類型不同，可能導致資料遺失
C:\Dwacodai\Model_4_ana\Model_4_ana\Model_4_ana.cpp(6861,51): warning C4244: '引數': 將 'double' 轉換為 'const unsigned __int64'，由於類型不同，可能導致資料遺失
C:\Dwacodai\Model_4_ana\Model_4_ana\Model_4_ana.cpp(6876,57): warning C4244: '引數': 將 'double' 轉換為 'const unsigned __int64'，由於類型不同，可能導致資料遺失
C:\Dwacodai\Model_4_ana\Model_4_ana\Model_4_ana.cpp(6888,48): warning C4244: '引數': 將 'double' 轉換為 'const unsigned __int64'，由於類型不同，可能導致資料遺失
C:\Dwacodai\Model_4_ana\Model_4_ana\Model_4_ana.cpp(6888,51): warning C4244: '引數': 將 'double' 轉換為 'const unsigned __int64'，由於類型不同，可能導致資料遺失
C:\Dwacodai\Model_4_ana\Model_4_ana\Model_4_ana.cpp(6905,70): warning C4244: '引數': 將 'double' 轉換為 'const unsigned __int64'，由於類型不同，可能導致資料遺失
C:\Dwacodai\Model_4_ana\Model_4_ana\Model_4_ana.cpp(6916,48): warning C4244: '引數': 將 'double' 轉換為 'const unsigned __int64'，由於類型不同，可能導致資料遺失
C:\Dwacodai\Model_4_ana\Model_4_ana\Model_4_ana.cpp(6916,64): warning C4244: '引數': 將 'double' 轉換為 'const unsigned __int64'，由於類型不同，可能導致資料遺失
C:\Dwacodai\Model_4_ana\Model_4_ana\Model_4_ana.cpp(6930,70): warning C4244: '引數': 將 'double' 轉換為 'const unsigned __int64'，由於類型不同，可能導致資料遺失
C:\Dwacodai\Model_4_ana\Model_4_ana\Model_4_ana.cpp(6942,48): warning C4244: '引數': 將 'double' 轉換為 'const unsigned __int64'，由於類型不同，可能導致資料遺失
C:\Dwacodai\Model_4_ana\Model_4_ana\Model_4_ana.cpp(6942,64): warning C4244: '引數': 將 'double' 轉換為 'const unsigned __int64'，由於類型不同，可能導致資料遺失
  Model_4_ana.vcxproj -> C:\Dwacodai\Model_4_ana\x64\Debug\Model_4_ana.exe
